../../../wf_rnaseqscatter_se_singleNode/results/ENCFF201PEI.fastqTr.sorted.STARLog.final.out