../../../wf_rnaseqscatter_se_singleNode/results/ENCFF040CTS.fastqTr.sorted.STARLog.final.out