../../../wf_rnaseqscatter_se/results/ENCFF040CTS.fastqTr.sorted.STARLog.final.out