../../../wf_rnaseqscatter_se/results/ENCFF201PEI.fastqTr.sorted.STARUnmapped.out.sorted.STARLog.final.out