../../../wf_rnaseqscatter_se/results/ENCFF201PEI.fastqTr.sorted.STARLog.final.out