../../../wf_rnaseqscatter_se/results/ENCFF040CTS.fastqTr.sorted.STARUnmapped.out.sorted.STARLog.final.out