../../../wf_rnaseqscatter_pe_singleNode/results/ENCFF040CTS.fastqTr.sorted.STARUnmapped.out.sorted.STARLog.final.out