../../../wf_rnaseqscatter_pe_singleNode/results/ENCFF201PEI.fastqTr.sorted.STARUnmapped.out.sorted.STARLog.final.out