../../../wf_rnaseqscatter_pe_singleNode/results/ENCFF201PEI.fastqTr.sorted.STARLog.final.out