../../../wf_rnaseqscatter_pe/results/ENCFF201PEI.fastqTr.sorted.STARLog.final.out