../../../wf_rnaseqscatter_pe/results/ENCFF040CTS.fastqTr.sorted.STARUnmapped.out.sorted.STARLog.final.out