../../../wf_rnaseqscatter_pe/results/ENCFF040CTS.fastqTr.sorted.STARLog.final.out