../../../wf_rnaseqscatter_pe/results/ENCFF201PEI.fastqTr.sorted.STARUnmapped.out.sorted.STARLog.final.out